// Jest Snapshot v1, https://goo.gl/fbAQLP

exports[`rbg should be correct 1`] = `
<div>
  <div
    class="container"
  >
    <h2
      class="title"
    >
      調色盤
    </h2>
    <div>
      <div
        class="box"
        style="background-color: rgb(255, 255, 255); border: 1px solid gray;"
      />
    </div>
    <div
      class="colorPicker"
    >
      <div
        class="colorName"
      >
        red(12835)
      </div>
      <div
        class="colorRange"
      >
        <input
          data-testid="ColorPicker"
          max="255"
          min="0"
          name="red"
          type="range"
          value="12835"
        />
      </div>
    </div>
    <div
      class="colorPicker"
    >
      <div
        class="colorName"
      >
        green(12892)
      </div>
      <div
        class="colorRange"
      >
        <input
          data-testid="ColorPicker"
          max="255"
          min="0"
          name="green"
          type="range"
          value="12892"
        />
      </div>
    </div>
    <div
      class="colorPicker"
    >
      <div
        class="colorName"
      >
        blue(12880)
      </div>
      <div
        class="colorRange"
      >
        <input
          data-testid="ColorPicker"
          max="255"
          min="0"
          name="blue"
          type="range"
          value="12880"
        />
      </div>
    </div>
  </div>
</div>
`;
