// Jest Snapshot v1, https://goo.gl/fbAQLP

exports[`should HW1 1`] = `
<div>
  <div
    class="container"
  >
    <h2>
      +1按鈕
    </h2>
    <button
      class="btn btn-secondary btn-lg"
    >
      counter: 
      0
    </button>
  </div>
</div>
`;

exports[`should simulate onClick event 1`] = `
<div>
  <div
    class="container"
  >
    <h2>
      +1按鈕
    </h2>
    <button
      class="btn btn-secondary btn-lg"
    >
      counter: 
      1
    </button>
  </div>
</div>
`;
