// Jest Snapshot v1, https://goo.gl/fbAQLP

exports[`list should be sum of AS 1`] = `
<div>
  <div
    class="container"
  >
    <h2>
      按鈕加總
    </h2>
    <button
      class="btn btn-secondary btn-lg"
    >
      add it
    </button>
    <h1>
      6
    </h1>
  </div>
</div>
`;

exports[`should HW3 1`] = `
<div>
  <div
    class="container"
  >
    <h2>
      按鈕加總
    </h2>
    <button
      class="btn btn-secondary btn-lg"
    >
      add it
    </button>
    <h1>
      0
    </h1>
  </div>
</div>
`;
