// Jest Snapshot v1, https://goo.gl/fbAQLP

exports[`should plus correctly 1`] = `
<div>
  <div
    class="container"
  >
    <h2>
      不同按鈕加總
    </h2>
    <div>
      <button
        class="btn btn-primary"
      >
        1
      </button>
      <button
        class="btn btn-primary"
      >
        2
      </button>
      <button
        class="btn btn-primary"
      >
        3
      </button>
      <button
        class="btn btn-primary"
      >
        4
      </button>
      <button
        class="btn btn-primary"
      >
        5
      </button>
      <button
        class="btn btn-primary"
      >
        6
      </button>
      <button
        class="btn btn-primary"
      >
        7
      </button>
      <button
        class="btn btn-primary"
      >
        8
      </button>
      <button
        class="btn btn-primary"
      >
        9
      </button>
    </div>
    <h2
      data-testid="sum"
    >
      13
    </h2>
  </div>
</div>
`;
