// Jest Snapshot v1, https://goo.gl/fbAQLP

exports[`correct answer 1`] = `
<div>
  <div>
    <h3>
      5
    </h3>
    <input
      data-testid="input"
      type="text"
      value=""
    />
    <div
      data-testid="wrong"
    >
      wrong: 
      0
    </div>
    <div
      data-testid="correct"
    >
      correct: 
      1
    </div>
  </div>
</div>
`;

exports[`wrong answer 1`] = `
<div>
  <div>
    <h3>
      5
    </h3>
    <input
      data-testid="input"
      type="text"
      value=""
    />
    <div
      data-testid="wrong"
    >
      wrong: 
      1
    </div>
    <div
      data-testid="correct"
    >
      correct: 
      0
    </div>
  </div>
</div>
`;

exports[`wrong answer-is not number 1`] = `
<div>
  <div>
    <h3>
      5
    </h3>
    <input
      data-testid="input"
      type="text"
      value=""
    />
    <div
      data-testid="wrong"
    >
      wrong: 
      1
    </div>
    <div
      data-testid="correct"
    >
      correct: 
      0
    </div>
  </div>
</div>
`;
