// Jest Snapshot v1, https://goo.gl/fbAQLP

exports[`list should add 1 item 1`] = `
"<printHW2>
  <div className=\\"printHW2\\">
    <HW2>
      <div>
        <button onClick={[Function: bound handleClick]}>
          <h1>
            submit
          </h1>
        </button>
        <ul>
          <li>
            1
          </li>
        </ul>
      </div>
    </HW2>
  </div>
</printHW2>"
`;

exports[`list should add 4 item 1`] = `
"<printHW2>
  <div className=\\"printHW2\\">
    <HW2>
      <div>
        <button onClick={[Function: bound handleClick]}>
          <h1>
            submit
          </h1>
        </button>
        <ul>
          <li>
            4
          </li>
          <li>
            3
          </li>
          <li>
            2
          </li>
          <li>
            1
          </li>
        </ul>
      </div>
    </HW2>
  </div>
</printHW2>"
`;

exports[`should HW2 1`] = `
<div
  className="printHW2"
>
  <div>
    <button
      onClick={[Function]}
    >
      <h1>
        submit
      </h1>
    </button>
    <ul />
  </div>
</div>
`;
