// Jest Snapshot v1, https://goo.gl/fbAQLP

exports[`should fetch data 1`] = `
<div>
  <div>
    <div>
      <button
        className="btn btn-primary"
      >
        Update List
      </button>
      <table
        className="table table-striped table-hover"
      >
        <thead>
          <tr>
            <th>
              picture
            </th>
            <th>
              name
            </th>
            <th>
              gender
            </th>
            <th>
              email
            </th>
            <th>
              age
            </th>
            <th>
              phone
            </th>
            <th>
              country
            </th>
          </tr>
        </thead>
        <tbody>
          <tr>
            <td>
              <img
                alt="Griffin"
                src="https://randomuser.me/api/portraits/thumb/men/69.jpg"
              />
            </td>
            <td>
              Griffin
            </td>
            <td>
              male
            </td>
            <td>
              kirk.griffin@example.com
            </td>
            <td>
              60
            </td>
            <td>
              (187)-786-9618
            </td>
            <td>
              United States
            </td>
          </tr>
        </tbody>
      </table>
    </div>
  </div>
</div>
`;
